[
  [
    {
      "title": "Yeshayahou Leibowitz",
      "subtitle": "le retour du sadducéen",
      "language": "fr",
      "industryIdentifiers": [
        {
          "type": "OTHER",
          "identifier": "STANFORD:36105029099087"
        }
      ],
      "authors": [
        "Ami Bouganim"
      ],
      "categories": [
        "Jewish philosophy"
      ],
      "description": "Yeshayahou Leibowitz est probablement l'une des plus grandes figures intellectuelles de la deuxième moitié du XXe siècle en Israël. Il est né en Diaspora, il a assisté à la naissance de l'Etat hébreu et l'a accompagné dons ses déboires et ses succès. A la fois homme de science et de foi, Leibowitz pose les questions religieuses les plus troublantes dans un contexte positiviste, ne cédant ni au prêche ni à la prédication morale. Il s'interroge en particulier sur les conditions qui ont permis au peuple juif de survivre pendant les deux mille ans d'exil et sur les circonstances qui lui ont permis de retrouver sa souveraineté nationale. Dans ses études, Leibowitz prend en considération la création de l'État d'Israël et les bouleversements qu'elle a introduits dans la condition juive. Il ne choisit pas ses mots pour mettre en garde contre les risques de déliquescence et d'éclatement que l'exaltation religieuse du nationalisme d'une part, la déjudaïsation des cercles séculiers d'autre part, font peser sur la société israélienne. Ami Bouganim brosse le portrait intellectuel et religieux d'un homme que son activisme religieux situe dans la tradition prophétique d'Israël et qui renoue à son insu, avec la mouvance sadducéenne au sein du judaïsme.",
      "publisher": "",
      "publishedDate": "1999",
      "pageCount": 72
    },
    {
      "title": "Leibowitz ou l'absence de Dieu",
      "subtitle": "",
      "language": "fr",
      "industryIdentifiers": [
        {
          "type": "ISBN_13",
          "identifier": "9782140124242"
        },
        {
          "type": "ISBN_10",
          "identifier": "2140124243"
        }
      ],
      "authors": [
        "Daniel Horowitz"
      ],
      "categories": [
        "Religion"
      ],
      "description": "En sa qualité de scientifique, de philosophe et d'érudit du judaïsme, Yeshayahu Leibowitz fut l'un des penseurs juifs les plus remarquables du XXème siècle. Il n'est pas aisé de cerner l'approche philosophique de Leibowitz du judaïsme, parce que nous sommes confrontés au paradoxe d'un Juif orthodoxe qui, en tant que rationaliste, exclut toute idée d'intervention divine dans la Nature ou dans l'Histoire. En quoi, dans ces conditions, consiste la foi de Leibowitz ?",
      "publisher": "Editions L'Harmattan",
      "publishedDate": "2019-06-18",
      "pageCount": 180
    },
    {
      "title": "Leibowitz",
      "subtitle": "Une pensée de la religion",
      "language": "fr",
      "industryIdentifiers": [
        {
          "type": "OTHER",
          "identifier": "UOM:39015073990767"
        }
      ],
      "authors": [
        "Jean-Marc Joubert"
      ],
      "categories": [
        "Anthropologie"
      ],
      "description": "",
      "publisher": "",
      "publishedDate": "2008",
      "pageCount": 335
    }
  ],
  [
    {
      "title": "Un cantique pour Leibowitz",
      "subtitle": "",
      "language": "fr",
      "industryIdentifiers": [
        {
          "type": "ISBN_10",
          "identifier": "2070449300"
        },
        {
          "type": "ISBN_13",
          "identifier": "9782070449309"
        }
      ],
      "authors": [
        "Walter Michael Miller"
      ],
      "categories": null,
      "description": "Dans le désert de l'Utah, parmi les vestiges d'une civilisation disparue, frère Francis de l'ordre albertien de Leibowitz a fait une miraculeuse découverte : d'inestimables reliques du martyr Isaac Leibowitz lui-même, qui jadis avait organisé la sauvegarde des dernières miettes du savoir balayé par le Grand Déluge de Flammes. C'est une lueur d'espoir en cet âge de ténèbres et d'ignorance, le signe tant attendu d'une nouvelle Renaissance. Mais l'humanité a-t-elle tiré les leçons d'un cataclysme qui l'a laissée exsangue, défigurée par le feu nucléaire ? Saura-t-elle enfin se préserver des apprentis sorciers ? Car l'Histoire, bientôt, menace de se répéter... Entre Le nom de la rose d'Umberto Eco et Docteur Folamour de Stanley Kubrick, une chronique rageuse et sarcastique de la folie humaine.",
      "publisher": "Editions Gallimard",
      "publishedDate": "2002",
      "pageCount": 449
    },
    {
      "title": "Un cantique pour Leibowitz",
      "subtitle": "",
      "language": "fr",
      "industryIdentifiers": [
        {
          "type": "OTHER",
          "identifier": "OCLC:62249878"
        }
      ],
      "authors": [
        "Walter M. Miller (Jr.)"
      ],
      "categories": null,
      "description": "",
      "publisher": "",
      "publishedDate": "1961",
      "pageCount": 347
    },
    {
      "title": "Un cantique pour Leibowitz",
      "subtitle": "",
      "language": "fr",
      "industryIdentifiers": [
        {
          "type": "ISBN_13",
          "identifier": "9782072477065"
        },
        {
          "type": "ISBN_10",
          "identifier": "2072477069"
        }
      ],
      "authors": [
        "Walter M. Miller Jr."
      ],
      "categories": [
        "Fiction"
      ],
      "description": "Dans le désert de l’Utah, parmi les vestiges d’une civilisation disparue, frère Francis de l’ordre albertien de Leibowitz a fait une miraculeuse découverte : d’inestimables reliques du martyr Isaac Leibowitz lui-même, qui jadis avait organisé la sauvegarde des dernières miettes du savoir balayé par le Grand Déluge de Flammes. C’est une lueur d’espoir en cet âge de ténèbres et d'ignorance, le signe tant attendu d’une nouvelle Renaissance. Mais l’humanité a-t-elle tiré les leçons d’un cataclysme qui l’a laissée exsangue, défigurée par le feu nucléaire? Saura-t-elle enfin se préserver des apprentis sorciers? Car l’Histoire, bientôt, menace de se répéter... Entre Le nom de la rose d’Umberto Eco et Docteur Folamour de Stanley Kubrick, une chronique rageuse et sarcastique de la folie humaine.",
      "publisher": "Editions Gallimard",
      "publishedDate": "2013-06-19T00:00:00+02:00",
      "pageCount": 451
    }
  ],
  [
    {
      "title": "Un cantique pour Leibowitz",
      "subtitle": "",
      "language": "fr",
      "industryIdentifiers": [
        {
          "type": "ISBN_10",
          "identifier": "2070449300"
        },
        {
          "type": "ISBN_13",
          "identifier": "9782070449309"
        }
      ],
      "authors": [
        "Walter Michael Miller"
      ],
      "categories": null,
      "description": "Dans le désert de l'Utah, parmi les vestiges d'une civilisation disparue, frère Francis de l'ordre albertien de Leibowitz a fait une miraculeuse découverte : d'inestimables reliques du martyr Isaac Leibowitz lui-même, qui jadis avait organisé la sauvegarde des dernières miettes du savoir balayé par le Grand Déluge de Flammes. C'est une lueur d'espoir en cet âge de ténèbres et d'ignorance, le signe tant attendu d'une nouvelle Renaissance. Mais l'humanité a-t-elle tiré les leçons d'un cataclysme qui l'a laissée exsangue, défigurée par le feu nucléaire ? Saura-t-elle enfin se préserver des apprentis sorciers ? Car l'Histoire, bientôt, menace de se répéter... Entre Le nom de la rose d'Umberto Eco et Docteur Folamour de Stanley Kubrick, une chronique rageuse et sarcastique de la folie humaine.",
      "publisher": "Editions Gallimard",
      "publishedDate": "2002",
      "pageCount": 449
    },
    {
      "title": "Un cantique pour Leibowitz",
      "subtitle": "",
      "language": "fr",
      "industryIdentifiers": [
        {
          "type": "ISBN_13",
          "identifier": "9782072477065"
        },
        {
          "type": "ISBN_10",
          "identifier": "2072477069"
        }
      ],
      "authors": [
        "Walter M. Miller Jr."
      ],
      "categories": [
        "Fiction"
      ],
      "description": "Dans le désert de l’Utah, parmi les vestiges d’une civilisation disparue, frère Francis de l’ordre albertien de Leibowitz a fait une miraculeuse découverte : d’inestimables reliques du martyr Isaac Leibowitz lui-même, qui jadis avait organisé la sauvegarde des dernières miettes du savoir balayé par le Grand Déluge de Flammes. C’est une lueur d’espoir en cet âge de ténèbres et d'ignorance, le signe tant attendu d’une nouvelle Renaissance. Mais l’humanité a-t-elle tiré les leçons d’un cataclysme qui l’a laissée exsangue, défigurée par le feu nucléaire? Saura-t-elle enfin se préserver des apprentis sorciers? Car l’Histoire, bientôt, menace de se répéter... Entre Le nom de la rose d’Umberto Eco et Docteur Folamour de Stanley Kubrick, une chronique rageuse et sarcastique de la folie humaine.",
      "publisher": "Editions Gallimard",
      "publishedDate": "2013-06-19T00:00:00+02:00",
      "pageCount": 451
    },
    {
      "title": "Un cantique pour Leibowitz",
      "subtitle": "",
      "language": "fr",
      "industryIdentifiers": [
        {
          "type": "ISBN_13",
          "identifier": "9782072477065"
        },
        {
          "type": "ISBN_10",
          "identifier": "2072477069"
        }
      ],
      "authors": [
        "Walter M. Miller Jr."
      ],
      "categories": [
        "Fiction"
      ],
      "description": "Dans le désert de l’Utah, parmi les vestiges d’une civilisation disparue, frère Francis de l’ordre albertien de Leibowitz a fait une miraculeuse découverte : d’inestimables reliques du martyr Isaac Leibowitz lui-même, qui jadis avait organisé la sauvegarde des dernières miettes du savoir balayé par le Grand Déluge de Flammes. C’est une lueur d’espoir en cet âge de ténèbres et d'ignorance, le signe tant attendu d’une nouvelle Renaissance. Mais l’humanité a-t-elle tiré les leçons d’un cataclysme qui l’a laissée exsangue, défigurée par le feu nucléaire? Saura-t-elle enfin se préserver des apprentis sorciers? Car l’Histoire, bientôt, menace de se répéter... Entre Le nom de la rose d’Umberto Eco et Docteur Folamour de Stanley Kubrick, une chronique rageuse et sarcastique de la folie humaine.",
      "publisher": "Editions Gallimard",
      "publishedDate": "2013-06-19T00:00:00+02:00",
      "pageCount": 451
    }
  ],
  [
    {
      "title": "Un cantique pour Leibowitz",
      "subtitle": "",
      "language": "fr",
      "industryIdentifiers": [
        {
          "type": "ISBN_13",
          "identifier": "9782072477065"
        },
        {
          "type": "ISBN_10",
          "identifier": "2072477069"
        }
      ],
      "authors": [
        "Walter M. Miller Jr."
      ],
      "categories": [
        "Fiction"
      ],
      "description": "Dans le désert de l’Utah, parmi les vestiges d’une civilisation disparue, frère Francis de l’ordre albertien de Leibowitz a fait une miraculeuse découverte : d’inestimables reliques du martyr Isaac Leibowitz lui-même, qui jadis avait organisé la sauvegarde des dernières miettes du savoir balayé par le Grand Déluge de Flammes. C’est une lueur d’espoir en cet âge de ténèbres et d'ignorance, le signe tant attendu d’une nouvelle Renaissance. Mais l’humanité a-t-elle tiré les leçons d’un cataclysme qui l’a laissée exsangue, défigurée par le feu nucléaire? Saura-t-elle enfin se préserver des apprentis sorciers? Car l’Histoire, bientôt, menace de se répéter... Entre Le nom de la rose d’Umberto Eco et Docteur Folamour de Stanley Kubrick, une chronique rageuse et sarcastique de la folie humaine.",
      "publisher": "Editions Gallimard",
      "publishedDate": "2013-06-19T00:00:00+02:00",
      "pageCount": 451
    }
  ]
]