{
  "Path": "testdata/books/pg11.epub",
  "Title": "Alice's Adventures in Wonderland",
  "Authors": [
    "Lewis Carroll"
  ],
  "PublishedDate": "1920",
  "Description": "In the most renowned novel by English author Lewis Carroll, restless young Alice literally stumbles into adventure when she follows the hurried, time-obsessed White Rabbit down a hole and into a fantastical realm where animals are quite verbose, logic is in short supply, and royalty tends to be exceedingly unpleasant. Each playfully engaging chapter presents absurd scenarios involving an unforgettable cast of characters, including the grinning Cheshire Cat and the short-tempered Queen of Hearts, and every stop on Alice's peculiar journey is marked by sharp social satire and wondrously witty wordplay.",
  "Language": "en",
  "PageCount": 200,
  "Subject": [
    "Alice (Fictitious character : Carroll)"
  ],
  "Issues": [
    "changed PublishedDate from 2008-06-27 to 1920"
  ]
}
{
  "Path": "testdata/books/pg24039.epub",
  "Title": "老子",
  "Authors": [
    "Laozi"
  ],
  "PublishedDate": "2007-12-26",
  "Language": "en",
  "Subject": [
    "Taoism",
    "Philosophy, Chinese"
  ]
}
{
  "Path": "testdata/books/pg2456.epub",
  "Title": "The History of Herodotus --",
  "Authors": [
    "Herodotus"
  ],
  "PublishedDate": "2001-01-01",
  "Language": "en",
  "Subject": [
    "Greece"
  ],
  "Issues": [
    "changed Title from The History of Herodotus — Volume 2 to The History of Herodotus --"
  ]
}
{
  "Path": "testdata/books/pg2707.epub",
  "Title": "The History of Herodotus  Volume 1",
  "Authors": [
    "Herodotus"
  ],
  "Publisher": "Prabhat Prakashan",
  "PublishedDate": "101-01-01",
  "Description": "Written in 440 BC in the Ionic dialect of classical Greek, 'The History of Herodotus' serves as a record of the ancient traditions, politics, geography, and clashes of various cultures that were known in Western Asia, Northern Africa and Greece at that time. Although not a fully impartial record, it remains one of West's most important sources regarding these affairs. Moreover, it established the genre and study of history in the Western world, despite the existence of historical records and chronicles beforehand.",
  "Language": "en",
  "Subject": [
    "Fiction"
  ],
  "Issues": [
    "changed Title from The History of Herodotus — Volume 1 to The History of Herodotus  Volume 1",
    "changed PublishedDate from 2001-07-01 to 101-01-01"
  ]
}
{
  "Path": "testdata/books/pg27573.epub",
  "Title": "Esprit des lois livres I à V, précédés d'une introduction de l'éditeur",
  "Authors": [
    "Charles de Secondat baron de Montesquieu"
  ],
  "PublishedDate": "2008-12-20",
  "Language": "fr",
  "Subject": [
    "Political science",
    "Law -- Philosophy",
    "State, The",
    "Jurisprudence"
  ],
  "Issues": [
    "changed Title from Esprit des lois / livres I à V, précédés d'une introduction de l'éditeur to Esprit des lois livres I à V, précédés d'une introduction de l'éditeur",
    "changed Authors from [baron de Charles de Secondat Montesquieu] to [Charles de Secondat baron de Montesquieu]"
  ]
}
{
  "Path": "testdata/books/pg29052.epub",
  "Title": "Histoire de Pierre Lapin",
  "Authors": [
    "Beatrix Potter"
  ],
  "PublishedDate": "2009-06-06",
  "Language": "fr",
  "Subject": [
    "Rabbits -- Juvenile fiction"
  ],
  "SimilarBooks": [
    {
      "Path": "",
      "Title": "L'histoire de Pierre Lapin",
      "Authors": [
        "Beatrix Potter"
      ],
      "ISBN": "9782244016740",
      "PublishedDate": "1994",
      "Language": "fr",
      "PageCount": 10
    },
    {
      "Path": "",
      "Title": "L' Histoire de Pierre Lapin",
      "Authors": [
        "Beatrix Potter",
        "Anna Pomaska"
      ],
      "ISBN": "9780486285405",
      "SubTitle": "Livre d'Histoires en Couleurs",
      "Publisher": "Courier Corporation",
      "PublishedDate": "1995-01-01",
      "Description": "Peter disobeys his mother by going into Mr. McGregor's garden and almost gets caught.",
      "Language": "fr",
      "PageCount": 32,
      "Subject": [
        "Juvenile Nonfiction"
      ]
    },
    {
      "Path": "",
      "Title": "Histoire de Pierre Lapin",
      "Authors": [
        "Beatrix Potter"
      ],
      "ISBN": "9781546684534",
      "Publisher": "Createspace Independent Publishing Platform",
      "PublishedDate": "2017-05-14",
      "Description": "Histoire de Pierre Lapin by Beatrix Potter",
      "Language": "fr",
      "PageCount": 44
    }
  ]
}
{
  "Path": "testdata/books/pg54873.epub",
  "Title": "Vingt mille lieues sous les mers",
  "Authors": [
    "Jules Verne"
  ],
  "PublishedDate": "2017-06-09",
  "Language": "fr",
  "SimilarBooks": [
    {
      "Path": "",
      "Title": "Vingt mille lieues sous les mers",
      "Authors": [
        "Jules Verne"
      ],
      "ISBN": "9782012031975",
      "Publisher": "Livre de Poche Jeunesse (Le)",
      "PublishedDate": "2014-11-13",
      "Description": "La Marine américaine dépêche le professeur Aronnax pour débarrasser les océans du monstre marin qui coule ses navires. Mais alors que la rencontre tant attendue se produit, le professeur est loin de se douter qu'un fabuleux voyage sous-marin l'attend. Version abrégée de l'épopée du Nautilus et du capitaine Nemo.",
      "Language": "fr",
      "PageCount": 450
    },
    {
      "Path": "",
      "Title": "Vingt mille lieues sous les mers",
      "Authors": [
        "Jules Verne"
      ],
      "PublishedDate": "1870",
      "Language": "fr",
      "PageCount": 434,
      "Subject": [
        "Electronic resource"
      ]
    },
    {
      "Path": "",
      "Title": "Vingt mille lieues sous les mers",
      "Authors": [
        "Jules Verne"
      ],
      "ISBN": "9782700014303",
      "PublishedDate": "2002",
      "Description": "Vingt Mille Lieues sous les mers n'est pas qu'un simple récit d'aventure, c'est tour à tour une épopée, l'œuvre d'un visionnaire, un plaidoyer contre la guerre et surtout une extraordinaire invitation au voyage. Un voyage inoubliable au plus profond des mers, à bord de ce navire d'un nouveau genre : le Nautilus, dirigé par l'énigmatique capitaine Nemo. Jules Verne a fait de sa passion pour la mer une œuvre à part entière, qui plaira aux petits comme aux grands, aux amoureux de la mer comme aux amateurs d'exotisme. Les illustrations de Didier Graffet particulièrement évocatrices et variées - fidèles à l'esprit d'origine et en même temps incontestablement de notre temps redonnent vie à ce monde de liberté et d'harmonie, rêvé par Jules Verne.",
      "Language": "fr",
      "PageCount": 541,
      "Subject": [
        "French fiction"
      ]
    }
  ]
}
{
  "Path": "testdata/books/pg6099.epub",
  "Title": "Les Fleurs du Mal",
  "Authors": [
    "Charles Baudelaire"
  ],
  "PublishedDate": "2004-07-01",
  "Language": "fr",
  "Subject": [
    "French poetry -- 19th century"
  ],
  "SimilarBooks": [
    {
      "Path": "",
      "Title": "Les Fleurs du mal",
      "Authors": [
        "Charles Baudelaire"
      ],
      "ISBN": "9782035861566",
      "Publisher": "Hachette (RCS)",
      "PublishedDate": "2006",
      "Description": "Pourquoi le recueil des Fleurs du mal a-t-il cette audience aujourd’hui ? Parce qu’il représente, depuis 1857, la naissance d’une poésie nouvelle. Baudelaire utilise les formes classiques – le sonnet, l’alexandrin – pour dire la modernité : la bizarrerie, les villes immenses, le malaise d’une existence douloureuse. Face à cette angoisse, il nous propose un moyen de vaincre le mal, le dégoût de soi et des autres, le « spleen » : l’idéal d’un langage qui nous montrerait un ailleurs rêvé, un monde enfin habitable.",
      "Language": "fr",
      "PageCount": 255,
      "Subject": [
        "French poetry"
      ]
    },
    {
      "Path": "",
      "Title": "Les fleurs du mal",
      "Authors": [
        "Charles Baudelaire"
      ],
      "ISBN": "9782723492522",
      "PublishedDate": "2015-05-06",
      "Description": "Le 25 juin 1857, la publication des Fleurs du mal fait l'effet d'une bombe. Ce recueil de poésie signé Charles Baudelaire offusque autant qu'il fascine. L'auteur y puise son inspiration dans la mort, la déchéance, le sang, la drogue ; autant de sujets pour le moins... non conventionnels. Son style, son utilisation esthétique du langage, la diversité et la singularité des thèmes abordés et le regard sans concessions qu'il porte sur la société le feront entrer au panthéon des écrivains : lus, relus et étudiés. Son œuvre a marqué la poésie et la littérature comme jamais, inspirant des générations de grands auteurs après lui.Liberatore est de ceux-là. Après Les Onze Mille Verges d'Apollinaire, le sulfureux illustrateur italien s'attaque à une nouvelle œuvre majeure de la poésie et de la littérature française. Son trait hyperréaliste, cru, et son extraordinaire talent de peintre viennent ici illustrer et transcender ce chef d'œuvre, lui conférant une modernité et une intemporalité exceptionnelles. Une sélection de 30 poèmes, accompagnée de nombreuses recherches graphiques...",
      "Language": "fr",
      "PageCount": 112
    },
    {
      "Path": "",
      "Title": "Les Fleurs Du Mal",
      "Authors": [
        "Charles P. Baudelaire"
      ],
      "ISBN": "9782012575950",
      "Publisher": "Hachette Livre - Bnf",
      "PublishedDate": "2012-03",
      "Description": "Les fleurs du mal / par Charles BaudelaireDate de l'edition originale : 1861Ce livre est la reproduction fidele d'une oeuvre publiee avant 1920 et fait partie d'une collection de livres reimprimes a la demande editee par Hachette Livre, dans le cadre d'un partenariat avec la Bibliotheque nationale de France, offrant l'opportunite d'acceder a des ouvrages anciens et souvent rares issus des fonds patrimoniaux de la BnF.Les oeuvres faisant partie de cette collection ont ete numerisees par la BnF et sont presentes sur Gallica, sa bibliotheque numerique.En entreprenant de redonner vie a ces ouvrages au travers d'une collection de livres reimprimes a la demande, nous leur donnons la possibilite de rencontrer un public elargi et participons a la transmission de connaissances et de savoirs parfois difficilement accessibles.Nous avons cherche a concilier la reproduction fidele d'un livre ancien a partir de sa version numerisee avec le souci d'un confort de lecture optimal. Nous esperons que les ouvrages de cette nouvelle collection vous apporteront entiere satisfaction.Pour plus d'informations, rendez-vous sur www.hachettebnf.frhttp://gallica.bnf.fr/ark:/12148/bpt6k70860g",
      "Language": "fr",
      "PageCount": 332,
      "Subject": [
        "Poetry"
      ]
    }
  ]
}
