{
  "Path": "testdata/books/pg11.epub",
  "Title": "Alice's Adventures in Wonderland",
  "Authors": [
    "Lewis Carroll"
  ],
  "PublishedDate": "2008-06-27",
  "Description": "In the most renowned novel by English author Lewis Carroll, restless young Alice literally stumbles into adventure when she follows the hurried, time-obsessed White Rabbit down a hole and into a fantastical realm where animals are quite verbose, logic is in short supply, and royalty tends to be exceedingly unpleasant. Each playfully engaging chapter presents absurd scenarios involving an unforgettable cast of characters, including the grinning Cheshire Cat and the short-tempered Queen of Hearts, and every stop on Alice's peculiar journey is marked by sharp social satire and wondrously witty wordplay.",
  "Language": "en",
  "PageCount": 200,
  "Subject": [
    "Fantasy fiction",
    "Children's stories",
    "Imaginary places -- Juvenile fiction",
    "Alice (Fictitious character from Carroll) -- Juvenile fiction"
  ]
}
{
  "Path": "testdata/books/pg24039.epub",
  "Title": "老子",
  "Authors": [
    "Laozi"
  ],
  "PublishedDate": "2007-12-26",
  "Language": "zh",
  "Subject": [
    "Taoism",
    "Philosophy, Chinese"
  ]
}
{
  "Path": "testdata/books/pg2456.epub",
  "Title": "The History of Herodotus — Volume 2",
  "Authors": [
    "Herodotus"
  ],
  "PublishedDate": "2001-01-01",
  "Series": "Volume",
  "SeriesIndex": 2,
  "SeriesTitle": "The History of Herodotus",
  "Language": "en",
  "Subject": [
    "History, Ancient",
    "Greece -- History -- To 146 B.C."
  ]
}
{
  "Path": "testdata/books/pg2707.epub",
  "Title": "The History of Herodotus — Volume 1",
  "Authors": [
    "Herodotus"
  ],
  "Publisher": "Prabhat Prakashan",
  "PublishedDate": "2001-07-01",
  "Description": "Written in 440 BC in the Ionic dialect of classical Greek, 'The History of Herodotus' serves as a record of the ancient traditions, politics, geography, and clashes of various cultures that were known in Western Asia, Northern Africa and Greece at that time. Although not a fully impartial record, it remains one of West's most important sources regarding these affairs. Moreover, it established the genre and study of history in the Western world, despite the existence of historical records and chronicles beforehand.",
  "Series": "Volume",
  "SeriesIndex": 1,
  "SeriesTitle": "The History of Herodotus",
  "Language": "en",
  "Subject": [
    "History, Ancient",
    "Greece -- History -- To 146 B.C."
  ]
}
{
  "Path": "testdata/books/pg27573.epub",
  "Title": "Esprit des lois",
  "Authors": [
    "baron de Charles de Secondat Montesquieu"
  ],
  "SubTitle": "livres I à V, précédés d'une introduction de l'éditeur",
  "PublishedDate": "2008-12-20",
  "Language": "fr",
  "Subject": [
    "Political science",
    "Law -- Philosophy",
    "State, The",
    "Jurisprudence"
  ],
  "Issues": [
    "Googlebooks returns a different book: ISBN are not comparable, Names are not the same"
  ]
}
{
  "Path": "testdata/books/pg29052.epub",
  "Title": "Histoire de Pierre Lapin",
  "Authors": [
    "Beatrix Potter"
  ],
  "ISBN": "9782244016740",
  "PublishedDate": "2009-06-06",
  "Language": "fr",
  "PageCount": 10,
  "Subject": [
    "Rabbits -- Juvenile fiction"
  ],
  "Issues": [
    "set empty ISBN to 9782244016740"
  ]
}
{
  "Path": "testdata/books/pg54873.epub",
  "Title": "Vingt mille lieues sous les mers",
  "Authors": [
    "Jules Verne"
  ],
  "PublishedDate": "2017-06-09",
  "Language": "fr",
  "PageCount": 434,
  "Subject": [
    "Electronic resource"
  ]
}
{
  "Path": "testdata/books/pg6099.epub",
  "Title": "Les Fleurs du Mal",
  "Authors": [
    "Charles Baudelaire"
  ],
  "ISBN": "9782035861566",
  "Publisher": "Hachette (RCS)",
  "PublishedDate": "2004-07-01",
  "Description": "Pourquoi le recueil des Fleurs du mal a-t-il cette audience aujourd’hui ? Parce qu’il représente, depuis 1857, la naissance d’une poésie nouvelle. Baudelaire utilise les formes classiques – le sonnet, l’alexandrin – pour dire la modernité : la bizarrerie, les villes immenses, le malaise d’une existence douloureuse. Face à cette angoisse, il nous propose un moyen de vaincre le mal, le dégoût de soi et des autres, le « spleen » : l’idéal d’un langage qui nous montrerait un ailleurs rêvé, un monde enfin habitable.",
  "Language": "fr",
  "PageCount": 255,
  "Subject": [
    "French poetry -- 19th century"
  ],
  "Issues": [
    "set empty ISBN to 9782035861566"
  ]
}
